// Jest Snapshot v1, https://goo.gl/fbAQLP

exports[`FolderModel component tests should match the FileModel snapshot 1`] = `ShallowWrapper {}`;
