// Jest Snapshot v1, https://goo.gl/fbAQLP

exports[`LoginView tests should match the LoginView snapshot 1`] = `ShallowWrapper {}`;
