// Jest Snapshot v1, https://goo.gl/fbAQLP

exports[`FileModel component tests should match the FileModel snapshot 1`] = `ShallowWrapper {}`;
