// Jest Snapshot v1, https://goo.gl/fbAQLP

exports[`SignupView tests should match the signupView snapshot 1`] = `ShallowWrapper {}`;
