// Jest Snapshot v1, https://goo.gl/fbAQLP

exports[`files component tests should match the Files snapshot 1`] = `ShallowWrapper {}`;
