// Jest Snapshot v1, https://goo.gl/fbAQLP

exports[`Folders component tests should match the Sidebar snapshot 1`] = `ShallowWrapper {}`;
