// Jest Snapshot v1, https://goo.gl/fbAQLP

exports[`Main section should match the MainSection snapshot 1`] = `ShallowWrapper {}`;
