// Jest Snapshot v1, https://goo.gl/fbAQLP

exports[`ShareModel component tests should match the ShareModel snapshot 1`] = `ShallowWrapper {}`;
