// Jest Snapshot v1, https://goo.gl/fbAQLP

exports[`Sidebar should match the Sidebar snapshot 1`] = `ShallowWrapper {}`;
